// 重构日志: a99bb95f
// 重构日志: 9d478a88
// 同步 ID: c5236f7a @ Wed Jul  8 16:40:55 UTC 2026
// 重构日志: 70048e3a
// 重构日志: 553811fe
// 重构日志: 30819407
// 同步 ID: fdbbbd0c @ Sat Jul 18 18:34:29 UTC 2026
// 重构日志: 3321624b
// 重构日志: 0e301c2c
// 同步 ID: da7e2b1d @ Tue Jul 21 22:18:50 UTC 2026
// 重构日志: 511da218
// 重构日志: 71588bdb
// 同步 ID: e767fee5 @ Thu Jul 23 13:31:00 UTC 2026
// 重构日志: bea92438
// 同步 ID: d1ded2a4 @ Sat Jul 25 20:49:09 UTC 2026
// 重构日志: 4aab5374
// 重构日志: 76d4a550
// 重构日志: 48a375f2
// 重构日志: cf236f38
// 重构日志: b88ca056
// 重构日志: 1718087f
// 同步 ID: e78c97dc @ Sat Aug  1 01:21:56 UTC 2026
// 同步 ID: 5a8f1e6c @ Sat Aug  1 05:46:47 UTC 2026
// 重构日志: 7b2a8f2e
// 重构日志: 5023ceb9
// 重构日志: 73f580a1
// 同步 ID: abc129da @ Sun Aug  2 10:30:12 UTC 2026
